## RAID 0, 1, 5 실습

### RAID 0
- mdadm --create /dev/md0 --level=0 --raid-devices=2 /dev/sdd1 /dev/sde1
- mkfs.ext4 /dev/md0
- mkdir /raid0
- mount /dev/md0 /raid0
- df


### RAID 1
- mdadm --create /dev/md0 --level=0 --raid-devices=2 /dev/sdf1 /dev/sdg1
- 다음 메시지는 무시
```
mdadm: Note: this array has metadata at the start and
    may not be suitable as a boot device. If you plan to
    store '/boot' on this device please ensure that
    your boot-loader understands md/v1.x metadata, or use
    --metadata=0.90
```
- mkfs.ext4 /dev/md1
- mkdir /raid1
- mount /dev/md1 /raid1
- df
- mdadm --detail /dev/md1
- RAID LEVEL 이 1 인 것을 확인할 수 있다.

```
/dev/md1:
           Version : 1.2
     Creation Time : Tue Aug  3 17:45:23 2021
        Raid Level : raid1
        Array Size : 1046528 (1022.00 MiB 1071.64 MB)
     Used Dev Size : 1046528 (1022.00 MiB 1071.64 MB)
      Raid Devices : 2
     Total Devices : 2
       Persistence : Superblock is persistent

       Update Time : Tue Aug  3 17:52:39 2021
             State : clean 
    Active Devices : 2
   Working Devices : 2
    Failed Devices : 0
     Spare Devices : 0

Consistency Policy : resync

              Name : server:1  (local to host server)
              UUID : 8dfb04dc:8d830828:efaaf440:2192e716
            Events : 17

    Number   Major   Minor   RaidDevice State
       0       8       81        0      active sync   /dev/sdf1
       1       8       97        1      active sync   /dev/sdg1
```

## 작업을 마치고
- gedit /etc/fstab 에 저장
- mdadm --detail --scan 의 결과를 /etc/mdadm/mdadm.conf 에 추가 (name=server:... 제외)
```
ARRAY /dev/md9 metadata=1.2 name=server:9 UUID=03487a96:330f50e9:d7542dfc:5083072a
ARRAY /dev/md0 metadata=1.2 name=server:0 UUID=cf06238a:3c73acb2:572e5946:89b52b16
ARRAY /dev/md1 metadata=1.2 name=server:1 UUID=8dfb04dc:8d830828:efaaf440:2192e716
ARRAY /dev/md5 metadata=1.2 name=server:5 UUID=a50fb296:84e7f963:3b4fd89c:aebd40d3
```
- update-initramfs -u 적용 (initial RAM file system)